ALSA lib pcm_dsnoop.c:572:(snd_pcm_dsnoop_open) [error.pcm] unable to open slave
ALSA lib pcm_dmix.c:1000:(snd_pcm_dmix_open) [error.pcm] unable to open slave
ALSA lib pcm.c:2722:(snd_pcm_open_noupdate) [error.pcm] Unknown PCM cards.pcm.rear
ALSA lib pcm.c:2722:(snd_pcm_open_noupdate) [error.pcm] Unknown PCM cards.pcm.center_lfe
ALSA lib pcm.c:2722:(snd_pcm_open_noupdate) [error.pcm] Unknown PCM cards.pcm.side
ALSA lib pcm_dmix.c:1000:(snd_pcm_dmix_open) [error.pcm] unable to open slave
ALSA lib pcm_dsnoop.c:572:(snd_pcm_dsnoop_open) [error.pcm] unable to open slave
ALSA lib pcm_dmix.c:1000:(snd_pcm_dmix_open) [error.pcm] unable to open slave
ALSA lib pcm.c:2722:(snd_pcm_open_noupdate) [error.pcm] Unknown PCM cards.pcm.rear
ALSA lib pcm.c:2722:(snd_pcm_open_noupdate) [error.pcm] Unknown PCM cards.pcm.center_lfe
ALSA lib pcm.c:2722:(snd_pcm_open_noupdate) [error.pcm] Unknown PCM cards.pcm.side
ALSA lib pcm_dmix.c:1000:(snd_pcm_dmix_open) [error.pcm] unable to open slave
ALSA lib pcm_dsnoop.c:572:(snd_pcm_dsnoop_open) [error.pcm] unable to open slave
ALSA lib pcm_dmix.c:1000:(snd_pcm_dmix_open) [error.pcm] unable to open slave
ALSA lib pcm.c:2722:(snd_pcm_open_noupdate) [error.pcm] Unknown PCM cards.pcm.rear
ALSA lib pcm.c:2722:(snd_pcm_open_noupdate) [error.pcm] Unknown PCM cards.pcm.center_lfe
ALSA lib pcm.c:2722:(snd_pcm_open_noupdate) [error.pcm] Unknown PCM cards.pcm.side
ALSA lib pcm_dmix.c:1000:(snd_pcm_dmix_open) [error.pcm] unable to open slave
ALSA lib pcm_dsnoop.c:572:(snd_pcm_dsnoop_open) [error.pcm] unable to open slave
ALSA lib pcm_dmix.c:1000:(snd_pcm_dmix_open) [error.pcm] unable to open slave
ALSA lib pcm.c:2722:(snd_pcm_open_noupdate) [error.pcm] Unknown PCM cards.pcm.rear
ALSA lib pcm.c:2722:(snd_pcm_open_noupdate) [error.pcm] Unknown PCM cards.pcm.center_lfe
ALSA lib pcm.c:2722:(snd_pcm_open_noupdate) [error.pcm] Unknown PCM cards.pcm.side
ALSA lib pcm_dmix.c:1000:(snd_pcm_dmix_open) [error.pcm] unable to open slave
malloc(): invalid next size (unsorted)Fatal Python error: Aborted

Current thread 0x00007f584be1c6c0 (most recent call first):
  File "/home/domore100/Documents/Hot/programs/Local/ai_voice_studio/venv/lib64/python3.12/site-packages/pyaudio/__init__.py", line 570 in read
  File "/home/domore100/Documents/Hot/programs/Local/ai_voice_studio/venv/lib64/python3.12/site-packages/speech_recognition/__init__.py", line 193 in read
  File "/home/domore100/Documents/Hot/programs/Local/ai_voice_studio/venv/lib64/python3.12/site-packages/speech_recognition/__init__.py", line 387 in adjust_for_ambient_noise
  File "/home/domore100/Documents/Hot/programs/Local/ai_voice_studio/main.py", line 1775 in _listen_loop
  File "/usr/lib64/python3.12/threading.py", line 1012 in run
  File "/usr/lib64/python3.12/threading.py", line 1075 in _bootstrap_inner
  File "/usr/lib64/python3.12/threading.py", line 1032 in _bootstrap

Thread 0x00007f58e4e5c400 (most recent call first):
  File "/usr/lib64/python3.12/tkinter/__init__.py", line 1505 in mainloop
  File "/home/domore100/Documents/Hot/programs/Local/ai_voice_studio/main.py", line 2231 in <module>

Extension modules: pygame.base, pygame.constants, pygame.rect, pygame.rwobject, pygame.surflock, pygame.bufferproxy, pygame.math, pygame.surface, pygame.display, pygame.draw, pygame.event, pygame.imageext, pygame.image, pygame.joystick, pygame.key, pygame.mouse, pygame.time, pygame.mask, pygame.pixelcopy, pygame.transform, pygame.font, pygame.mixer_music, pygame.mixer, pygame.scrap, numpy._core._multiarray_umath, numpy.linalg._umath_linalg, torch._C, torch._C._dynamo.autograd_compiler, torch._C._dynamo.eval_frame, torch._C._dynamo.guards, torch._C._dynamo.utils, torch._C._fft, torch._C._linalg, torch._C._nested, torch._C._nn, torch._C._sparse, torch._C._special, yaml._yaml, cython.cimports.libc.math, _cyutility, scipy._cyutility, scipy._lib._ccallback_c, scipy.sparse._sparsetools, charset_normalizer.md, charset_normalizer.cd, numpy.random._common, numpy.random.bit_generator, numpy.random._bounded_integers, numpy.random._pcg64, numpy.random._generator, numpy.random._mt19937, numpy.random._philox, numpy.random._sfc64, numpy.random.mtrand, _csparsetools, scipy.sparse._csparsetools, scipy.spatial._ckdtree, scipy.linalg._fblas, scipy.linalg._flapack, scipy.linalg._batched_linalg, scipy.linalg._cythonized_array_utils, scipy.linalg._solve_toeplitz, scipy.linalg._internal_matfuncs, scipy.linalg._linalg_pythran, scipy.linalg.cython_blas, scipy.linalg.cython_lapack, scipy.linalg._decomp_update, scipy.special._ufuncs_cxx, scipy.special._ellip_harm_2, scipy.special._special_ufuncs, scipy.special._gufuncs, scipy.special._ufuncs, scipy.special._specfun, scipy.special._comb, scipy.spatial._hausdorff, scipy.spatial._distance_wrap, scipy._lib.messagestream, scipy.spatial._qhull, scipy.spatial._voronoi, scipy.spatial.transform._rotation_cy, scipy.spatial.transform._rigid_transform_cy, scipy.sparse.linalg._dsolve._superlu, scipy.sparse.linalg._eigen.arpack._arpacklib, scipy.sparse.linalg._propack, scipy.optimize._group_columns, scipy.optimize._trlib._trlib, scipy.optimize._lbfgsb, _moduleTNC, scipy.optimize._moduleTNC, scipy.optimize._slsqplib, scipy.optimize._minpack, scipy.optimize._lsq.givens_elimination, scipy.optimize._zeros, scipy._lib._uarray._uarray, scipy.linalg._decomp_interpolative, scipy.optimize._bglu_dense, scipy.optimize._lsap, scipy.optimize._direct, scipy.integrate._odepack, scipy.integrate._quadpack, scipy.integrate._vode, scipy.integrate._dop, scipy.interpolate._fitpack, scipy.interpolate._dierckx, scipy.interpolate._ppoly, scipy.interpolate._interpnd, scipy.interpolate._rbfinterp_pythran, scipy.interpolate._rgi_cython, scipy.special.cython_special, scipy.stats._stats, scipy.stats._biasedurn, scipy.stats._levy_stable.levyst, scipy.stats._stats_pythran, scipy.stats._ansari_swilk_statistics, scipy.sparse.csgraph._tools, scipy.sparse.csgraph._shortest_path, scipy.sparse.csgraph._traversal, scipy.sparse.csgraph._min_spanning_tree, scipy.sparse.csgraph._flow, scipy.sparse.csgraph._matching, scipy.sparse.csgraph._reordering, scipy.stats._sobol, scipy.stats._qmc_cy, scipy.stats._rcont.rcont, scipy.stats._qmvnt_cy, scipy.ndimage._nd_image, scipy.ndimage._rank_filter_1d, _ni_label, scipy.ndimage._ni_label, _cffi_backend, numba.core.typeconv._typeconv, numba._helperlib, numba._dynfunc, numba._dispatcher, numba.core.runtime._nrt_python, numba.np.ufunc._internal, numba.experimental.jitclass._box, psutil._psutil_linux, msgpack._cmsgpack, requests.packages.charset_normalizer.md, requests.packages.chardet.md, requests.packages.charset_normalizer.cd, requests.packages.chardet.cd, regex._regex, markupsafe._speedups, PIL._imaging, sklearn.__check_build._check_build, sklearn._cyutility, sklearn.utils._isfinite, sklearn.utils.sparsefuncs_fast, sklearn.utils.murmurhash, sklearn.utils._openmp_helpers, sklearn.metrics.cluster._expected_mutual_info_fast, sklearn.metrics._dist_metrics, sklearn.metrics._pairwise_distances_reduction._datasets_pair, sklearn.utils._cython_blas, sklearn.metrics._pairwise_distances_reduction._base, sklearn.metrics._pairwise_distances_reduction._middle_term_computer, sklearn.utils._heap, sklearn.utils._sorting, sklearn.metrics._pairwise_distances_reduction._argkmin, sklearn.metrics._pairwise_distances_reduction._argkmin_classmode, sklearn.utils._vector_sentinel, sklearn.metrics._pairwise_distances_reduction._radius_neighbors, sklearn.metrics._pairwise_distances_reduction._radius_neighbors_classmode, sklearn.metrics._pairwise_fast, sklearn.preprocessing._csr_polynomial_expansion, sklearn.preprocessing._target_encoder_fast, PIL._imagingft, kiwisolver._cext, pycrfsuite._pycrfsuite, scipy.signal._sigtools, scipy.signal._max_len_seq_inner, scipy.signal._upfirdn_apply, scipy.signal._spline, scipy.signal._sosfilt, scipy.signal._peak_finding_utils, monotonic_alignment_search.core, pyaudio._portaudio (total: 179)
