ALSA lib pcm_dsnoop.c:572:(snd_pcm_dsnoop_open) [error.pcm] unable to open slave
ALSA lib pcm_dmix.c:1000:(snd_pcm_dmix_open) [error.pcm] unable to open slave
ALSA lib pcm.c:2722:(snd_pcm_open_noupdate) [error.pcm] Unknown PCM cards.pcm.rear
ALSA lib pcm.c:2722:(snd_pcm_open_noupdate) [error.pcm] Unknown PCM cards.pcm.center_lfe
ALSA lib pcm.c:2722:(snd_pcm_open_noupdate) [error.pcm] Unknown PCM cards.pcm.side
ALSA lib pcm_dmix.c:1000:(snd_pcm_dmix_open) [error.pcm] unable to open slave
ALSA lib pcm_dsnoop.c:572:(snd_pcm_dsnoop_open) [error.pcm] unable to open slave
ALSA lib pcm_dmix.c:1000:(snd_pcm_dmix_open) [error.pcm] unable to open slave
ALSA lib pcm.c:2722:(snd_pcm_open_noupdate) [error.pcm] Unknown PCM cards.pcm.rear
ALSA lib pcm.c:2722:(snd_pcm_open_noupdate) [error.pcm] Unknown PCM cards.pcm.center_lfe
ALSA lib pcm.c:2722:(snd_pcm_open_noupdate) [error.pcm] Unknown PCM cards.pcm.side
ALSA lib pcm_dmix.c:1000:(snd_pcm_dmix_open) [error.pcm] unable to open slave
ALSA lib pcm_dsnoop.c:572:(snd_pcm_dsnoop_open) [error.pcm] unable to open slave
ALSA lib pcm_dmix.c:1000:(snd_pcm_dmix_open) [error.pcm] unable to open slave
ALSA lib pcm.c:2722:(snd_pcm_open_noupdate) [error.pcm] Unknown PCM cards.pcm.rear
ALSA lib pcm.c:2722:(snd_pcm_open_noupdate) [error.pcm] Unknown PCM cards.pcm.center_lfe
ALSA lib pcm.c:2722:(snd_pcm_open_noupdate) [error.pcm] Unknown PCM cards.pcm.side
ALSA lib pcm_dmix.c:1000:(snd_pcm_dmix_open) [error.pcm] unable to open slave
ALSA lib pcm_dsnoop.c:572:(snd_pcm_dsnoop_open) [error.pcm] unable to open slave
ALSA lib pcm_dmix.c:1000:(snd_pcm_dmix_open) [error.pcm] unable to open slave
ALSA lib pcm.c:2722:(snd_pcm_open_noupdate) [error.pcm] Unknown PCM cards.pcm.rear
ALSA lib pcm.c:2722:(snd_pcm_open_noupdate) [error.pcm] Unknown PCM cards.pcm.center_lfe
ALSA lib pcm.c:2722:(snd_pcm_open_noupdate) [error.pcm] Unknown PCM cards.pcm.side
ALSA lib pcm_dmix.c:1000:(snd_pcm_dmix_open) [error.pcm] unable to open slave
pygame 2.6.1 (SDL 2.28.4, Python 3.12.14)
Hello from the pygame community. https://www.pygame.org/contribute.html
[AVS] Preview: engine=VCTK voice=p225 chars=1
[AVS] Preview ready in 0.8s -> /tmp/tmp8baizqgl.wav
[AVS] mic open: idx=6 name='pipewire' host=ALSA rate=44100.0
ALSA lib pcm_dsnoop.c:572:(snd_pcm_dsnoop_open) [error.pcm] unable to open slave
ALSA lib pcm_dmix.c:1000:(snd_pcm_dmix_open) [error.pcm] unable to open slave
ALSA lib pcm.c:2722:(snd_pcm_open_noupdate) [error.pcm] Unknown PCM cards.pcm.rear
ALSA lib pcm.c:2722:(snd_pcm_open_noupdate) [error.pcm] Unknown PCM cards.pcm.center_lfe
ALSA lib pcm.c:2722:(snd_pcm_open_noupdate) [error.pcm] Unknown PCM cards.pcm.side
ALSA lib pcm_dmix.c:1000:(snd_pcm_dmix_open) [error.pcm] unable to open slave
ALSA lib pcm_dsnoop.c:572:(snd_pcm_dsnoop_open) [error.pcm] unable to open slave
ALSA lib pcm_dmix.c:1000:(snd_pcm_dmix_open) [error.pcm] unable to open slave
ALSA lib pcm.c:2722:(snd_pcm_open_noupdate) [error.pcm] Unknown PCM cards.pcm.rear
ALSA lib pcm.c:2722:(snd_pcm_open_noupdate) [error.pcm] Unknown PCM cards.pcm.center_lfe
ALSA lib pcm.c:2722:(snd_pcm_open_noupdate) [error.pcm] Unknown PCM cards.pcm.side
ALSA lib pcm_dmix.c:1000:(snd_pcm_dmix_open) [error.pcm] unable to open slave
[AVS] mic level (DC removed): rms=1709 peak=2979 dc=8801
Exception in Tkinter callback
Traceback (most recent call last):
  File "/usr/lib64/python3.12/tkinter/__init__.py", line 1968, in __call__
    return self.func(*args)
           ^^^^^^^^^^^^^^^^
  File "/usr/lib64/python3.12/tkinter/__init__.py", line 862, in callit
    func(*args)
  File "/home/domore100/Documents/Hot/programs/Local/ai_voice_studio/main.py", line 1985, in <lambda>
    self.root.after(0, lambda: messagebox.showerror("Vosk Model Missing", str(e)))
                               ^^^^^^^^^^^^^^^^^^^^^^^^^^^^^^^^^^^^^^^^^^^^^^^^^^
  File "/usr/lib64/python3.12/tkinter/messagebox.py", line 98, in showerror
    return _show(title, message, ERROR, OK, **options)
           ^^^^^^^^^^^^^^^^^^^^^^^^^^^^^^^^^^^^^^^^^^^
  File "/usr/lib64/python3.12/tkinter/messagebox.py", line 76, in _show
    res = Message(**options).show()
          ^^^^^^^^^^^^^^^^^^^^^^^^^
  File "/usr/lib64/python3.12/tkinter/commondialog.py", line 45, in show
    s = master.tk.call(self.command, *master._options(self.options))
        ^^^^^^^^^^^^^^^^^^^^^^^^^^^^^^^^^^^^^^^^^^^^^^^^^^^^^^^^^^^^
_tkinter.TclError: can't invoke "grab" command: application has been destroyed
