ALSA lib pcm_dsnoop.c:572:(snd_pcm_dsnoop_open) [error.pcm] unable to open slave
ALSA lib pcm_dmix.c:1000:(snd_pcm_dmix_open) [error.pcm] unable to open slave
ALSA lib pcm.c:2722:(snd_pcm_open_noupdate) [error.pcm] Unknown PCM cards.pcm.rear
ALSA lib pcm.c:2722:(snd_pcm_open_noupdate) [error.pcm] Unknown PCM cards.pcm.center_lfe
ALSA lib pcm.c:2722:(snd_pcm_open_noupdate) [error.pcm] Unknown PCM cards.pcm.side
ALSA lib pcm_dmix.c:1000:(snd_pcm_dmix_open) [error.pcm] unable to open slave
ALSA lib pcm_dsnoop.c:572:(snd_pcm_dsnoop_open) [error.pcm] unable to open slave
ALSA lib pcm_dmix.c:1000:(snd_pcm_dmix_open) [error.pcm] unable to open slave
ALSA lib pcm.c:2722:(snd_pcm_open_noupdate) [error.pcm] Unknown PCM cards.pcm.rear
ALSA lib pcm.c:2722:(snd_pcm_open_noupdate) [error.pcm] Unknown PCM cards.pcm.center_lfe
ALSA lib pcm.c:2722:(snd_pcm_open_noupdate) [error.pcm] Unknown PCM cards.pcm.side
ALSA lib pcm_dmix.c:1000:(snd_pcm_dmix_open) [error.pcm] unable to open slave
LOG (VoskAPI:ReadDataFiles():model.cc:213) Decoding params beam=10 max-active=3000 lattice-beam=2
LOG (VoskAPI:ReadDataFiles():model.cc:216) Silence phones 1:2:3:4:5:6:7:8:9:10
LOG (VoskAPI:RemoveOrphanNodes():nnet-nnet.cc:948) Removed 0 orphan nodes.
LOG (VoskAPI:RemoveOrphanComponents():nnet-nnet.cc:847) Removing 0 orphan components.
LOG (VoskAPI:ReadDataFiles():model.cc:248) Loading i-vector extractor from /home/domore100/Documents/Hot/programs/Local/ai_voice_studio/models/vosk/en/ivector/final.ie
LOG (VoskAPI:ComputeDerivedVars():ivector-extractor.cc:183) Computing derived variables for iVector extractor
LOG (VoskAPI:ComputeDerivedVars():ivector-extractor.cc:204) Done.
LOG (VoskAPI:ReadDataFiles():model.cc:282) Loading HCL and G from /home/domore100/Documents/Hot/programs/Local/ai_voice_studio/models/vosk/en/graph/HCLr.fst /home/domore100/Documents/Hot/programs/Local/ai_voice_studio/models/vosk/en/graph/Gr.fst
LOG (VoskAPI:ReadDataFiles():model.cc:308) Loading winfo /home/domore100/Documents/Hot/programs/Local/ai_voice_studio/models/vosk/en/graph/phones/word_boundary.int
ALSA lib pcm_dsnoop.c:572:(snd_pcm_dsnoop_open) [error.pcm] unable to open slave
ALSA lib pcm_dmix.c:1000:(snd_pcm_dmix_open) [error.pcm] unable to open slave
ALSA lib pcm.c:2722:(snd_pcm_open_noupdate) [error.pcm] Unknown PCM cards.pcm.rear
ALSA lib pcm.c:2722:(snd_pcm_open_noupdate) [error.pcm] Unknown PCM cards.pcm.center_lfe
ALSA lib pcm.c:2722:(snd_pcm_open_noupdate) [error.pcm] Unknown PCM cards.pcm.side
ALSA lib pcm_dmix.c:1000:(snd_pcm_dmix_open) [error.pcm] unable to open slave
pygame 2.6.1 (SDL 2.28.4, Python 3.12.14)
Hello from the pygame community. https://www.pygame.org/contribute.html
[AVS] mic open: idx=6 name='pipewire' host=ALSA rate=44100.0
ALSA lib pcm_dsnoop.c:572:(snd_pcm_dsnoop_open) [error.pcm] unable to open slave
ALSA lib pcm_dmix.c:1000:(snd_pcm_dmix_open) [error.pcm] unable to open slave
ALSA lib pcm.c:2722:(snd_pcm_open_noupdate) [error.pcm] Unknown PCM cards.pcm.rear
ALSA lib pcm.c:2722:(snd_pcm_open_noupdate) [error.pcm] Unknown PCM cards.pcm.center_lfe
ALSA lib pcm.c:2722:(snd_pcm_open_noupdate) [error.pcm] Unknown PCM cards.pcm.side
ALSA lib pcm_dmix.c:1000:(snd_pcm_dmix_open) [error.pcm] unable to open slave
ALSA lib pcm_dsnoop.c:572:(snd_pcm_dsnoop_open) [error.pcm] unable to open slave
ALSA lib pcm_dmix.c:1000:(snd_pcm_dmix_open) [error.pcm] unable to open slave
ALSA lib pcm.c:2722:(snd_pcm_open_noupdate) [error.pcm] Unknown PCM cards.pcm.rear
ALSA lib pcm.c:2722:(snd_pcm_open_noupdate) [error.pcm] Unknown PCM cards.pcm.center_lfe
ALSA lib pcm.c:2722:(snd_pcm_open_noupdate) [error.pcm] Unknown PCM cards.pcm.side
ALSA lib pcm_dmix.c:1000:(snd_pcm_dmix_open) [error.pcm] unable to open slave
[AVS] mic level (DC removed): rms=1704 peak=2874 dc=8791
